Command line invocation:
    /Applications/Xcode.app/Contents/Developer/usr/bin/xcodebuild test -project StorySparkRemix.xcodeproj -scheme StorySparkRemix -destination "platform=iOS Simulator,id=BBB7317F-76C6-4BD5-BF4B-EF6ABAEBA1F8" "-only-testing:StorySparkRemixTests/SparkRemixerTests/testShelfDeleteConfirmationPathRemovesEditedDraft"

ComputePackagePrebuildTargetDependencyGraph

Prepare packages

CreateBuildRequest

SendProjectDescription

CreateBuildOperation

ComputeTargetDependencyGraph
note: Building targets in dependency order
note: Target dependency graph (3 targets)
    Target 'StorySparkRemixUITests' in project 'StorySparkRemix'
        ➜ Explicit dependency on target 'StorySparkRemix' in project 'StorySparkRemix'
    Target 'StorySparkRemixTests' in project 'StorySparkRemix'
        ➜ Explicit dependency on target 'StorySparkRemix' in project 'StorySparkRemix'
    Target 'StorySparkRemix' in project 'StorySparkRemix' (no dependencies)

GatherProvisioningInputs

CreateBuildDescription

ClangStatCache /Applications/Xcode.app/Contents/Developer/Toolchains/XcodeDefault.xctoolchain/usr/bin/clang-stat-cache /Applications/Xcode.app/Contents/Developer/Platforms/iPhoneSimulator.platform/Developer/SDKs/iPhoneSimulator26.5.sdk /Users/wangrenzhu/Library/Developer/Xcode/DerivedData/SDKStatCaches.noindex/iphonesimulator26.5-23F81a-6cfe768891a92b912361537c460fe42b.sdkstatcache
    cd /Users/wangrenzhu/work/story-spark-remix-ios/StorySparkRemix.xcodeproj
    /Applications/Xcode.app/Contents/Developer/Toolchains/XcodeDefault.xctoolchain/usr/bin/clang-stat-cache /Applications/Xcode.app/Contents/Developer/Platforms/iPhoneSimulator.platform/Developer/SDKs/iPhoneSimulator26.5.sdk -o /Users/wangrenzhu/Library/Developer/Xcode/DerivedData/SDKStatCaches.noindex/iphonesimulator26.5-23F81a-6cfe768891a92b912361537c460fe42b.sdkstatcache

Test Suite 'Selected tests' started at 2026-07-09 22:48:26.556.
Test Suite 'StorySparkRemixTests.xctest' started at 2026-07-09 22:48:26.556.
Test Suite 'SparkRemixerTests' started at 2026-07-09 22:48:26.556.
Test Case '-[StorySparkRemixTests.SparkRemixerTests testShelfDeleteConfirmationPathRemovesEditedDraft]' started.
Test Case '-[StorySparkRemixTests.SparkRemixerTests testShelfDeleteConfirmationPathRemovesEditedDraft]' passed (0.005 seconds).
Test Suite 'SparkRemixerTests' passed at 2026-07-09 22:48:26.562.
	 Executed 1 test, with 0 failures (0 unexpected) in 0.005 (0.006) seconds
Test Suite 'StorySparkRemixTests.xctest' passed at 2026-07-09 22:48:26.562.
	 Executed 1 test, with 0 failures (0 unexpected) in 0.005 (0.006) seconds
Test Suite 'Selected tests' passed at 2026-07-09 22:48:26.562.
	 Executed 1 test, with 0 failures (0 unexpected) in 0.005 (0.007) seconds
2026-07-09 22:48:26.860 xcodebuild[38777:309255128] [MT] IDETestOperationsObserverDebug: 1.838 elapsed -- Testing started completed.
2026-07-09 22:48:26.860 xcodebuild[38777:309255128] [MT] IDETestOperationsObserverDebug: 0.000 sec, +0.000 sec -- start
2026-07-09 22:48:26.860 xcodebuild[38777:309255128] [MT] IDETestOperationsObserverDebug: 1.838 sec, +1.838 sec -- end

Test session results, code coverage, and logs:
	/Users/wangrenzhu/Library/Developer/Xcode/DerivedData/StorySparkRemix-eobmvonwpzvxegarrkiwppqvtaok/Logs/Test/Test-StorySparkRemix-2026.07.09_22-48-24-+0800.xcresult

** TEST SUCCEEDED **

Testing started
