Command line invocation:
    /Applications/Xcode.app/Contents/Developer/usr/bin/xcodebuild -project StorySparkRemix.xcodeproj -scheme StorySparkRemix -destination "platform=iOS Simulator,name=iPhone 17" -derivedDataPath build/DerivedData test

ComputePackagePrebuildTargetDependencyGraph

Prepare packages

CreateBuildRequest

SendProjectDescription

CreateBuildOperation

ComputeTargetDependencyGraph
note: Building targets in dependency order
note: Target dependency graph (2 targets)
    Target 'StorySparkRemixTests' in project 'StorySparkRemix'
        ➜ Explicit dependency on target 'StorySparkRemix' in project 'StorySparkRemix'
    Target 'StorySparkRemix' in project 'StorySparkRemix' (no dependencies)

GatherProvisioningInputs

CreateBuildDescription

ExecuteExternalTool /Applications/Xcode.app/Contents/Developer/Toolchains/XcodeDefault.xctoolchain/usr/bin/swiftc --version

ExecuteExternalTool /Applications/Xcode.app/Contents/Developer/Toolchains/XcodeDefault.xctoolchain/usr/bin/clang -v -E -dM -isysroot /Applications/Xcode.app/Contents/Developer/Platforms/iPhoneSimulator.platform/Developer/SDKs/iPhoneSimulator26.5.sdk -x c -c /dev/null

ExecuteExternalTool /Applications/Xcode.app/Contents/Developer/Toolchains/XcodeDefault.xctoolchain/usr/bin/ld -version_details

Build description signature: a7eac306719c1e76a1022a8cd8febd3e
Build description path: /Users/wangrenzhu/work/story-spark-remix-ios/build/DerivedData/Build/Intermediates.noindex/XCBuildData/a7eac306719c1e76a1022a8cd8febd3e.xcbuilddata
ClangStatCache /Applications/Xcode.app/Contents/Developer/Toolchains/XcodeDefault.xctoolchain/usr/bin/clang-stat-cache /Applications/Xcode.app/Contents/Developer/Platforms/iPhoneSimulator.platform/Developer/SDKs/iPhoneSimulator26.5.sdk /Users/wangrenzhu/work/story-spark-remix-ios/build/DerivedData/SDKStatCaches.noindex/iphonesimulator26.5-23F81a-6cfe768891a92b912361537c460fe42b.sdkstatcache
    cd /Users/wangrenzhu/work/story-spark-remix-ios/StorySparkRemix.xcodeproj
    /Applications/Xcode.app/Contents/Developer/Toolchains/XcodeDefault.xctoolchain/usr/bin/clang-stat-cache /Applications/Xcode.app/Contents/Developer/Platforms/iPhoneSimulator.platform/Developer/SDKs/iPhoneSimulator26.5.sdk -o /Users/wangrenzhu/work/story-spark-remix-ios/build/DerivedData/SDKStatCaches.noindex/iphonesimulator26.5-23F81a-6cfe768891a92b912361537c460fe42b.sdkstatcache

Ld /Users/wangrenzhu/work/story-spark-remix-ios/build/DerivedData/Build/Products/Debug-iphonesimulator/StorySparkRemix.app/StorySparkRemix.debug.dylib normal (in target 'StorySparkRemix' from project 'StorySparkRemix')
    cd /Users/wangrenzhu/work/story-spark-remix-ios
    /Applications/Xcode.app/Contents/Developer/Toolchains/XcodeDefault.xctoolchain/usr/bin/clang -Xlinker -reproducible -target arm64-apple-ios14.0-simulator -dynamiclib -isysroot /Applications/Xcode.app/Contents/Developer/Platforms/iPhoneSimulator.platform/Developer/SDKs/iPhoneSimulator26.5.sdk -O0 -L/Users/wangrenzhu/work/story-spark-remix-ios/build/DerivedData/Build/Intermediates.noindex/EagerLinkingTBDs/Debug-iphonesimulator -L/Users/wangrenzhu/work/story-spark-remix-ios/build/DerivedData/Build/Products/Debug-iphonesimulator -F/Users/wangrenzhu/work/story-spark-remix-ios/build/DerivedData/Build/Intermediates.noindex/EagerLinkingTBDs/Debug-iphonesimulator -F/Users/wangrenzhu/work/story-spark-remix-ios/build/DerivedData/Build/Products/Debug-iphonesimulator -filelist /Users/wangrenzhu/work/story-spark-remix-ios/build/DerivedData/Build/Intermediates.noindex/StorySparkRemix.build/Debug-iphonesimulator/StorySparkRemix.build/Objects-normal/arm64/StorySparkRemix.LinkFileList -install_name @rpath/StorySparkRemix.debug.dylib -Xlinker -rpath -Xlinker /usr/lib/swift -Xlinker -rpath -Xlinker @executable_path/Frameworks -Xlinker -dead_strip -Xlinker -object_path_lto -Xlinker /Users/wangrenzhu/work/story-spark-remix-ios/build/DerivedData/Build/Intermediates.noindex/StorySparkRemix.build/Debug-iphonesimulator/StorySparkRemix.build/Objects-normal/arm64/StorySparkRemix_lto.o -rdynamic -Xlinker -no_deduplicate -Xlinker -objc_abi_version -Xlinker 2 -Xlinker -dependency_info -Xlinker /Users/wangrenzhu/work/story-spark-remix-ios/build/DerivedData/Build/Intermediates.noindex/StorySparkRemix.build/Debug-iphonesimulator/StorySparkRemix.build/Objects-normal/arm64/StorySparkRemix_dependency_info.dat -fobjc-link-runtime -L/Applications/Xcode.app/Contents/Developer/Toolchains/XcodeDefault.xctoolchain/usr/lib/swift/iphonesimulator -L/usr/lib/swift -Xlinker -add_ast_path -Xlinker /Users/wangrenzhu/work/story-spark-remix-ios/build/DerivedData/Build/Intermediates.noindex/StorySparkRemix.build/Debug-iphonesimulator/StorySparkRemix.build/Objects-normal/arm64/StorySparkRemix.swiftmodule @/Users/wangrenzhu/work/story-spark-remix-ios/build/DerivedData/Build/Intermediates.noindex/StorySparkRemix.build/Debug-iphonesimulator/StorySparkRemix.build/Objects-normal/arm64/StorySparkRemix-linker-args.resp -Xlinker -alias -Xlinker _main -Xlinker ___debug_main_executable_dylib_entry_point -framework Foundation -o /Users/wangrenzhu/work/story-spark-remix-ios/build/DerivedData/Build/Products/Debug-iphonesimulator/StorySparkRemix.app/StorySparkRemix.debug.dylib

Ld /Users/wangrenzhu/work/story-spark-remix-ios/build/DerivedData/Build/Products/Debug-iphonesimulator/StorySparkRemix.app/__preview.dylib normal (in target 'StorySparkRemix' from project 'StorySparkRemix')
    cd /Users/wangrenzhu/work/story-spark-remix-ios
    /Applications/Xcode.app/Contents/Developer/Toolchains/XcodeDefault.xctoolchain/usr/bin/clang -Xlinker -reproducible -target arm64-apple-ios14.0-simulator -dynamiclib -isysroot /Applications/Xcode.app/Contents/Developer/Platforms/iPhoneSimulator.platform/Developer/SDKs/iPhoneSimulator26.5.sdk -O0 -L/Users/wangrenzhu/work/story-spark-remix-ios/build/DerivedData/Build/Products/Debug-iphonesimulator -F/Users/wangrenzhu/work/story-spark-remix-ios/build/DerivedData/Build/Products/Debug-iphonesimulator -install_name @rpath/StorySparkRemix.debug.dylib -Xlinker -dead_strip -rdynamic -Xlinker -no_deduplicate -Xlinker -objc_abi_version -Xlinker 2 -Xlinker -dependency_info -Xlinker /Users/wangrenzhu/work/story-spark-remix-ios/build/DerivedData/Build/Intermediates.noindex/StorySparkRemix.build/Debug-iphonesimulator/StorySparkRemix.build/Objects-normal/arm64/StorySparkRemix_dependency_info.dat -o /Users/wangrenzhu/work/story-spark-remix-ios/build/DerivedData/Build/Products/Debug-iphonesimulator/StorySparkRemix.app/__preview.dylib

ConstructStubExecutorLinkFileList /Users/wangrenzhu/work/story-spark-remix-ios/build/DerivedData/Build/Intermediates.noindex/StorySparkRemix.build/Debug-iphonesimulator/StorySparkRemix.build/StorySparkRemix-ExecutorLinkFileList-normal-arm64.txt (in target 'StorySparkRemix' from project 'StorySparkRemix')
    cd /Users/wangrenzhu/work/story-spark-remix-ios
    construct-stub-executor-link-file-list /Users/wangrenzhu/work/story-spark-remix-ios/build/DerivedData/Build/Products/Debug-iphonesimulator/StorySparkRemix.app/StorySparkRemix.debug.dylib /Applications/Xcode.app/Contents/Developer/Platforms/iPhoneSimulator.platform/Developer/usr/lib/libPreviewsJITStubExecutor_no_swift_entry_point.a /Applications/Xcode.app/Contents/Developer/Platforms/iPhoneSimulator.platform/Developer/usr/lib/libPreviewsJITStubExecutor.a --output /Users/wangrenzhu/work/story-spark-remix-ios/build/DerivedData/Build/Intermediates.noindex/StorySparkRemix.build/Debug-iphonesimulator/StorySparkRemix.build/StorySparkRemix-ExecutorLinkFileList-normal-arm64.txt
note: Using stub executor library with Swift entry point. (in target 'StorySparkRemix' from project 'StorySparkRemix')

Ld /Users/wangrenzhu/work/story-spark-remix-ios/build/DerivedData/Build/Products/Debug-iphonesimulator/StorySparkRemix.app/StorySparkRemix normal (in target 'StorySparkRemix' from project 'StorySparkRemix')
    cd /Users/wangrenzhu/work/story-spark-remix-ios
    /Applications/Xcode.app/Contents/Developer/Toolchains/XcodeDefault.xctoolchain/usr/bin/clang -Xlinker -reproducible -target arm64-apple-ios14.0-simulator -isysroot /Applications/Xcode.app/Contents/Developer/Platforms/iPhoneSimulator.platform/Developer/SDKs/iPhoneSimulator26.5.sdk -O0 -L/Users/wangrenzhu/work/story-spark-remix-ios/build/DerivedData/Build/Products/Debug-iphonesimulator -F/Users/wangrenzhu/work/story-spark-remix-ios/build/DerivedData/Build/Products/Debug-iphonesimulator -Xlinker -rpath -Xlinker @executable_path -Xlinker -rpath -Xlinker @executable_path/Frameworks -rdynamic -Xlinker -no_deduplicate -Xlinker -objc_abi_version -Xlinker 2 -e ___debug_blank_executor_main -Xlinker -sectcreate -Xlinker __TEXT -Xlinker __debug_dylib -Xlinker /Users/wangrenzhu/work/story-spark-remix-ios/build/DerivedData/Build/Intermediates.noindex/StorySparkRemix.build/Debug-iphonesimulator/StorySparkRemix.build/StorySparkRemix-DebugDylibPath-normal-arm64.txt -Xlinker -sectcreate -Xlinker __TEXT -Xlinker __debug_instlnm -Xlinker /Users/wangrenzhu/work/story-spark-remix-ios/build/DerivedData/Build/Intermediates.noindex/StorySparkRemix.build/Debug-iphonesimulator/StorySparkRemix.build/StorySparkRemix-DebugDylibInstallName-normal-arm64.txt -Xlinker -filelist -Xlinker /Users/wangrenzhu/work/story-spark-remix-ios/build/DerivedData/Build/Intermediates.noindex/StorySparkRemix.build/Debug-iphonesimulator/StorySparkRemix.build/StorySparkRemix-ExecutorLinkFileList-normal-arm64.txt /Users/wangrenzhu/work/story-spark-remix-ios/build/DerivedData/Build/Products/Debug-iphonesimulator/StorySparkRemix.app/StorySparkRemix.debug.dylib -o /Users/wangrenzhu/work/story-spark-remix-ios/build/DerivedData/Build/Products/Debug-iphonesimulator/StorySparkRemix.app/StorySparkRemix

ExtractAppIntentsMetadata (in target 'StorySparkRemix' from project 'StorySparkRemix')
    cd /Users/wangrenzhu/work/story-spark-remix-ios
    /Applications/Xcode.app/Contents/Developer/Toolchains/XcodeDefault.xctoolchain/usr/bin/appintentsmetadataprocessor --toolchain-dir /Applications/Xcode.app/Contents/Developer/Toolchains/XcodeDefault.xctoolchain --module-name StorySparkRemix --sdk-root /Applications/Xcode.app/Contents/Developer/Platforms/iPhoneSimulator.platform/Developer/SDKs/iPhoneSimulator26.5.sdk --xcode-version 17F113 --platform-family iOS --deployment-target 14.0 --bundle-identifier com.appfactory.storysparkremix --output /Users/wangrenzhu/work/story-spark-remix-ios/build/DerivedData/Build/Products/Debug-iphonesimulator/StorySparkRemix.app --target-triple arm64-apple-ios14.0-simulator --binary-file /Users/wangrenzhu/work/story-spark-remix-ios/build/DerivedData/Build/Products/Debug-iphonesimulator/StorySparkRemix.app/StorySparkRemix --dependency-file /Users/wangrenzhu/work/story-spark-remix-ios/build/DerivedData/Build/Intermediates.noindex/StorySparkRemix.build/Debug-iphonesimulator/StorySparkRemix.build/Objects-normal/arm64/StorySparkRemix_dependency_info.dat --stringsdata-file /Users/wangrenzhu/work/story-spark-remix-ios/build/DerivedData/Build/Intermediates.noindex/StorySparkRemix.build/Debug-iphonesimulator/StorySparkRemix.build/Objects-normal/arm64/ExtractedAppShortcutsMetadata.stringsdata --source-file-list /Users/wangrenzhu/work/story-spark-remix-ios/build/DerivedData/Build/Intermediates.noindex/StorySparkRemix.build/Debug-iphonesimulator/StorySparkRemix.build/Objects-normal/arm64/StorySparkRemix.SwiftFileList --metadata-file-list /Users/wangrenzhu/work/story-spark-remix-ios/build/DerivedData/Build/Intermediates.noindex/StorySparkRemix.build/Debug-iphonesimulator/StorySparkRemix.build/StorySparkRemix.DependencyMetadataFileList --static-metadata-file-list /Users/wangrenzhu/work/story-spark-remix-ios/build/DerivedData/Build/Intermediates.noindex/StorySparkRemix.build/Debug-iphonesimulator/StorySparkRemix.build/StorySparkRemix.DependencyStaticMetadataFileList --swift-const-vals-list /Users/wangrenzhu/work/story-spark-remix-ios/build/DerivedData/Build/Intermediates.noindex/StorySparkRemix.build/Debug-iphonesimulator/StorySparkRemix.build/Objects-normal/arm64/StorySparkRemix.SwiftConstValuesFileList --compile-time-extraction --deployment-aware-processing --validate-assistant-intents --no-app-shortcuts-localization
2026-07-09 22:06:53.954 appintentsmetadataprocessor[24439:308601490] Starting appintentsmetadataprocessor export
2026-07-09 22:06:53.958 appintentsmetadataprocessor[24439:308601490] warning: Metadata extraction skipped. No AppIntents.framework dependency found.

ProcessInfoPlistFile /Users/wangrenzhu/work/story-spark-remix-ios/build/DerivedData/Build/Products/Debug-iphonesimulator/StorySparkRemix.app/Info.plist /Users/wangrenzhu/work/story-spark-remix-ios/build/DerivedData/Build/Intermediates.noindex/StorySparkRemix.build/Debug-iphonesimulator/StorySparkRemix.build/empty-StorySparkRemix.plist (in target 'StorySparkRemix' from project 'StorySparkRemix')
    cd /Users/wangrenzhu/work/story-spark-remix-ios
    builtin-infoPlistUtility /Users/wangrenzhu/work/story-spark-remix-ios/build/DerivedData/Build/Intermediates.noindex/StorySparkRemix.build/Debug-iphonesimulator/StorySparkRemix.build/empty-StorySparkRemix.plist -producttype com.apple.product-type.application -genpkginfo /Users/wangrenzhu/work/story-spark-remix-ios/build/DerivedData/Build/Products/Debug-iphonesimulator/StorySparkRemix.app/PkgInfo -expandbuildsettings -format binary -platform iphonesimulator -o /Users/wangrenzhu/work/story-spark-remix-ios/build/DerivedData/Build/Products/Debug-iphonesimulator/StorySparkRemix.app/Info.plist

CopySwiftLibs /Users/wangrenzhu/work/story-spark-remix-ios/build/DerivedData/Build/Products/Debug-iphonesimulator/StorySparkRemix.app (in target 'StorySparkRemix' from project 'StorySparkRemix')
    cd /Users/wangrenzhu/work/story-spark-remix-ios
    builtin-swiftStdLibTool --copy --verbose --scan-executable /Users/wangrenzhu/work/story-spark-remix-ios/build/DerivedData/Build/Products/Debug-iphonesimulator/StorySparkRemix.app/StorySparkRemix.debug.dylib --scan-folder /Users/wangrenzhu/work/story-spark-remix-ios/build/DerivedData/Build/Products/Debug-iphonesimulator/StorySparkRemix.app/Frameworks --scan-folder /Users/wangrenzhu/work/story-spark-remix-ios/build/DerivedData/Build/Products/Debug-iphonesimulator/StorySparkRemix.app/PlugIns --scan-folder /Users/wangrenzhu/work/story-spark-remix-ios/build/DerivedData/Build/Products/Debug-iphonesimulator/StorySparkRemix.app/SystemExtensions --scan-folder /Users/wangrenzhu/work/story-spark-remix-ios/build/DerivedData/Build/Products/Debug-iphonesimulator/StorySparkRemix.app/Extensions --scan-folder /Applications/Xcode.app/Contents/Developer/Platforms/iPhoneOS.platform/Developer/SDKs/iPhoneOS26.0.sdk/System/Library/Frameworks/Foundation.framework --platform iphonesimulator --toolchain /Applications/Xcode.app/Contents/Developer/Toolchains/XcodeDefault.xctoolchain --destination /Users/wangrenzhu/work/story-spark-remix-ios/build/DerivedData/Build/Products/Debug-iphonesimulator/StorySparkRemix.app/Frameworks --strip-bitcode --strip-bitcode-tool /Applications/Xcode.app/Contents/Developer/Toolchains/XcodeDefault.xctoolchain/usr/bin/bitcode_strip --emit-dependency-info /Users/wangrenzhu/work/story-spark-remix-ios/build/DerivedData/Build/Intermediates.noindex/StorySparkRemix.build/Debug-iphonesimulator/StorySparkRemix.build/SwiftStdLibToolInputDependencies.dep --filter-for-swift-os
Ignoring --strip-bitcode because --sign was not passed

Ld /Users/wangrenzhu/work/story-spark-remix-ios/build/DerivedData/Build/Products/Debug-iphonesimulator/StorySparkRemix.app/PlugIns/StorySparkRemixTests.xctest/StorySparkRemixTests normal (in target 'StorySparkRemixTests' from project 'StorySparkRemix')
    cd /Users/wangrenzhu/work/story-spark-remix-ios
    /Applications/Xcode.app/Contents/Developer/Toolchains/XcodeDefault.xctoolchain/usr/bin/clang -Xlinker -reproducible -target arm64-apple-ios14.0-simulator -bundle -isysroot /Applications/Xcode.app/Contents/Developer/Platforms/iPhoneSimulator.platform/Developer/SDKs/iPhoneSimulator26.5.sdk -O0 -L/Users/wangrenzhu/work/story-spark-remix-ios/build/DerivedData/Build/Intermediates.noindex/EagerLinkingTBDs/Debug-iphonesimulator -L/Users/wangrenzhu/work/story-spark-remix-ios/build/DerivedData/Build/Products/Debug-iphonesimulator -L/Applications/Xcode.app/Contents/Developer/Platforms/iPhoneSimulator.platform/Developer/usr/lib -F/Users/wangrenzhu/work/story-spark-remix-ios/build/DerivedData/Build/Intermediates.noindex/EagerLinkingTBDs/Debug-iphonesimulator -F/Users/wangrenzhu/work/story-spark-remix-ios/build/DerivedData/Build/Products/Debug-iphonesimulator -iframework /Applications/Xcode.app/Contents/Developer/Platforms/iPhoneSimulator.platform/Developer/Library/Frameworks -iframework /Applications/Xcode.app/Contents/Developer/Platforms/iPhoneSimulator.platform/Developer/SDKs/iPhoneSimulator26.5.sdk/Developer/Library/Frameworks -filelist /Users/wangrenzhu/work/story-spark-remix-ios/build/DerivedData/Build/Intermediates.noindex/StorySparkRemix.build/Debug-iphonesimulator/StorySparkRemixTests.build/Objects-normal/arm64/StorySparkRemixTests.LinkFileList -Xlinker -rpath -Xlinker /usr/lib/swift -Xlinker -rpath -Xlinker @loader_path/Frameworks -Xlinker -rpath -Xlinker @executable_path/Frameworks -Xlinker -dead_strip -bundle_loader /Users/wangrenzhu/work/story-spark-remix-ios/build/DerivedData/Build/Products/Debug-iphonesimulator/StorySparkRemix.app/StorySparkRemix -Xlinker -object_path_lto -Xlinker /Users/wangrenzhu/work/story-spark-remix-ios/build/DerivedData/Build/Intermediates.noindex/StorySparkRemix.build/Debug-iphonesimulator/StorySparkRemixTests.build/Objects-normal/arm64/StorySparkRemixTests_lto.o -rdynamic -Xlinker -no_deduplicate -Xlinker -objc_abi_version -Xlinker 2 -Xlinker -dependency_info -Xlinker /Users/wangrenzhu/work/story-spark-remix-ios/build/DerivedData/Build/Intermediates.noindex/StorySparkRemix.build/Debug-iphonesimulator/StorySparkRemixTests.build/Objects-normal/arm64/StorySparkRemixTests_dependency_info.dat -fobjc-link-runtime -L/Applications/Xcode.app/Contents/Developer/Toolchains/XcodeDefault.xctoolchain/usr/lib/swift/iphonesimulator -L/usr/lib/swift -Xlinker -add_ast_path -Xlinker /Users/wangrenzhu/work/story-spark-remix-ios/build/DerivedData/Build/Intermediates.noindex/StorySparkRemix.build/Debug-iphonesimulator/StorySparkRemixTests.build/Objects-normal/arm64/StorySparkRemixTests.swiftmodule @/Users/wangrenzhu/work/story-spark-remix-ios/build/DerivedData/Build/Intermediates.noindex/StorySparkRemix.build/Debug-iphonesimulator/StorySparkRemixTests.build/Objects-normal/arm64/StorySparkRemixTests-linker-args.resp -Xlinker -needed_framework -Xlinker XCTest -framework XCTest -Xlinker -needed-lXCTestSwiftSupport -lXCTestSwiftSupport -framework Foundation /Users/wangrenzhu/work/story-spark-remix-ios/build/DerivedData/Build/Products/Debug-iphonesimulator/StorySparkRemix.app/StorySparkRemix.debug.dylib -o /Users/wangrenzhu/work/story-spark-remix-ios/build/DerivedData/Build/Products/Debug-iphonesimulator/StorySparkRemix.app/PlugIns/StorySparkRemixTests.xctest/StorySparkRemixTests

ProcessInfoPlistFile /Users/wangrenzhu/work/story-spark-remix-ios/build/DerivedData/Build/Products/Debug-iphonesimulator/StorySparkRemix.app/PlugIns/StorySparkRemixTests.xctest/Info.plist /Users/wangrenzhu/work/story-spark-remix-ios/build/DerivedData/Build/Intermediates.noindex/StorySparkRemix.build/Debug-iphonesimulator/StorySparkRemixTests.build/empty-StorySparkRemixTests.plist (in target 'StorySparkRemixTests' from project 'StorySparkRemix')
    cd /Users/wangrenzhu/work/story-spark-remix-ios
    builtin-infoPlistUtility /Users/wangrenzhu/work/story-spark-remix-ios/build/DerivedData/Build/Intermediates.noindex/StorySparkRemix.build/Debug-iphonesimulator/StorySparkRemixTests.build/empty-StorySparkRemixTests.plist -producttype com.apple.product-type.bundle.unit-test -expandbuildsettings -format binary -platform iphonesimulator -o /Users/wangrenzhu/work/story-spark-remix-ios/build/DerivedData/Build/Products/Debug-iphonesimulator/StorySparkRemix.app/PlugIns/StorySparkRemixTests.xctest/Info.plist

ExtractAppIntentsMetadata (in target 'StorySparkRemixTests' from project 'StorySparkRemix')
    cd /Users/wangrenzhu/work/story-spark-remix-ios
    /Applications/Xcode.app/Contents/Developer/Toolchains/XcodeDefault.xctoolchain/usr/bin/appintentsmetadataprocessor --toolchain-dir /Applications/Xcode.app/Contents/Developer/Toolchains/XcodeDefault.xctoolchain --module-name StorySparkRemixTests --sdk-root /Applications/Xcode.app/Contents/Developer/Platforms/iPhoneSimulator.platform/Developer/SDKs/iPhoneSimulator26.5.sdk --xcode-version 17F113 --platform-family iOS --deployment-target 14.0 --bundle-identifier com.appfactory.storysparkremix.tests --output /Users/wangrenzhu/work/story-spark-remix-ios/build/DerivedData/Build/Products/Debug-iphonesimulator/StorySparkRemix.app/PlugIns/StorySparkRemixTests.xctest --target-triple arm64-apple-ios14.0-simulator --binary-file /Users/wangrenzhu/work/story-spark-remix-ios/build/DerivedData/Build/Products/Debug-iphonesimulator/StorySparkRemix.app/PlugIns/StorySparkRemixTests.xctest/StorySparkRemixTests --dependency-file /Users/wangrenzhu/work/story-spark-remix-ios/build/DerivedData/Build/Intermediates.noindex/StorySparkRemix.build/Debug-iphonesimulator/StorySparkRemixTests.build/Objects-normal/arm64/StorySparkRemixTests_dependency_info.dat --stringsdata-file /Users/wangrenzhu/work/story-spark-remix-ios/build/DerivedData/Build/Intermediates.noindex/StorySparkRemix.build/Debug-iphonesimulator/StorySparkRemixTests.build/Objects-normal/arm64/ExtractedAppShortcutsMetadata.stringsdata --source-file-list /Users/wangrenzhu/work/story-spark-remix-ios/build/DerivedData/Build/Intermediates.noindex/StorySparkRemix.build/Debug-iphonesimulator/StorySparkRemixTests.build/Objects-normal/arm64/StorySparkRemixTests.SwiftFileList --metadata-file-list /Users/wangrenzhu/work/story-spark-remix-ios/build/DerivedData/Build/Intermediates.noindex/StorySparkRemix.build/Debug-iphonesimulator/StorySparkRemixTests.build/StorySparkRemixTests.DependencyMetadataFileList --static-metadata-file-list /Users/wangrenzhu/work/story-spark-remix-ios/build/DerivedData/Build/Intermediates.noindex/StorySparkRemix.build/Debug-iphonesimulator/StorySparkRemixTests.build/StorySparkRemixTests.DependencyStaticMetadataFileList --swift-const-vals-list /Users/wangrenzhu/work/story-spark-remix-ios/build/DerivedData/Build/Intermediates.noindex/StorySparkRemix.build/Debug-iphonesimulator/StorySparkRemixTests.build/Objects-normal/arm64/StorySparkRemixTests.SwiftConstValuesFileList --compile-time-extraction --deployment-aware-processing --validate-assistant-intents --no-app-shortcuts-localization
2026-07-09 22:06:54.210 appintentsmetadataprocessor[24443:308601505] Starting appintentsmetadataprocessor export
2026-07-09 22:06:54.224 appintentsmetadataprocessor[24443:308601505] Extracted no relevant App Intents symbols, skipping writing output

CopySwiftLibs /Users/wangrenzhu/work/story-spark-remix-ios/build/DerivedData/Build/Products/Debug-iphonesimulator/StorySparkRemix.app/PlugIns/StorySparkRemixTests.xctest (in target 'StorySparkRemixTests' from project 'StorySparkRemix')
    cd /Users/wangrenzhu/work/story-spark-remix-ios
    builtin-swiftStdLibTool --copy --verbose --scan-executable /Users/wangrenzhu/work/story-spark-remix-ios/build/DerivedData/Build/Products/Debug-iphonesimulator/StorySparkRemix.app/PlugIns/StorySparkRemixTests.xctest/StorySparkRemixTests --scan-folder /Users/wangrenzhu/work/story-spark-remix-ios/build/DerivedData/Build/Products/Debug-iphonesimulator/StorySparkRemix.app/PlugIns/StorySparkRemixTests.xctest/Frameworks --scan-folder /Users/wangrenzhu/work/story-spark-remix-ios/build/DerivedData/Build/Products/Debug-iphonesimulator/StorySparkRemix.app/PlugIns/StorySparkRemixTests.xctest/PlugIns --scan-folder /Users/wangrenzhu/work/story-spark-remix-ios/build/DerivedData/Build/Products/Debug-iphonesimulator/StorySparkRemix.app/PlugIns/StorySparkRemixTests.xctest/SystemExtensions --scan-folder /Users/wangrenzhu/work/story-spark-remix-ios/build/DerivedData/Build/Products/Debug-iphonesimulator/StorySparkRemix.app/PlugIns/StorySparkRemixTests.xctest/Extensions --scan-folder /Applications/Xcode.app/Contents/Developer/Platforms/iPhoneOS.platform/Developer/SDKs/iPhoneOS26.0.sdk/System/Library/Frameworks/Foundation.framework --platform iphonesimulator --toolchain /Applications/Xcode.app/Contents/Developer/Toolchains/XcodeDefault.xctoolchain --destination /Users/wangrenzhu/work/story-spark-remix-ios/build/DerivedData/Build/Products/Debug-iphonesimulator/StorySparkRemix.app/PlugIns/StorySparkRemixTests.xctest/Frameworks --strip-bitcode --scan-executable /Applications/Xcode.app/Contents/Developer/Platforms/iPhoneSimulator.platform/Developer/usr/lib/libXCTestSwiftSupport.dylib --strip-bitcode-tool /Applications/Xcode.app/Contents/Developer/Toolchains/XcodeDefault.xctoolchain/usr/bin/bitcode_strip --emit-dependency-info /Users/wangrenzhu/work/story-spark-remix-ios/build/DerivedData/Build/Intermediates.noindex/StorySparkRemix.build/Debug-iphonesimulator/StorySparkRemixTests.build/SwiftStdLibToolInputDependencies.dep --filter-for-swift-os
Ignoring --strip-bitcode because --sign was not passed

Validate /Users/wangrenzhu/work/story-spark-remix-ios/build/DerivedData/Build/Products/Debug-iphonesimulator/StorySparkRemix.app (in target 'StorySparkRemix' from project 'StorySparkRemix')
    cd /Users/wangrenzhu/work/story-spark-remix-ios
    builtin-validationUtility /Users/wangrenzhu/work/story-spark-remix-ios/build/DerivedData/Build/Products/Debug-iphonesimulator/StorySparkRemix.app -shallow-bundle -infoplist-subpath Info.plist

Test Suite 'All tests' started at 2026-07-09 22:06:57.773.
Test Suite 'StorySparkRemixTests.xctest' started at 2026-07-09 22:06:57.773.
Test Suite 'SparkRemixerTests' started at 2026-07-09 22:06:57.773.
Test Case '-[StorySparkRemixTests.SparkRemixerTests testCaptureURLRoutesToEditableSpark]' started.
Test Case '-[StorySparkRemixTests.SparkRemixerTests testCaptureURLRoutesToEditableSpark]' passed (0.002 seconds).
Test Case '-[StorySparkRemixTests.SparkRemixerTests testEditingExistingDraftUpdatesInsteadOfDuplicating]' started.
Test Case '-[StorySparkRemixTests.SparkRemixerTests testEditingExistingDraftUpdatesInsteadOfDuplicating]' passed (0.005 seconds).
Test Case '-[StorySparkRemixTests.SparkRemixerTests testInvalidSavePreservesErrorState]' started.
Test Case '-[StorySparkRemixTests.SparkRemixerTests testInvalidSavePreservesErrorState]' passed (0.007 seconds).
Test Case '-[StorySparkRemixTests.SparkRemixerTests testPendingCaptureHandsOffToEditableSparkOnce]' started.
Test Case '-[StorySparkRemixTests.SparkRemixerTests testPendingCaptureHandsOffToEditableSparkOnce]' passed (0.002 seconds).
Test Case '-[StorySparkRemixTests.SparkRemixerTests testPersistenceSurvivesStoreReload]' started.
Test Case '-[StorySparkRemixTests.SparkRemixerTests testPersistenceSurvivesStoreReload]' passed (0.002 seconds).
Test Case '-[StorySparkRemixTests.SparkRemixerTests testPremiumEntitlementReloadsFromLocalDefaults]' started.
Test Case '-[StorySparkRemixTests.SparkRemixerTests testPremiumEntitlementReloadsFromLocalDefaults]' passed (0.003 seconds).
Test Case '-[StorySparkRemixTests.SparkRemixerTests testRemixCreatesEditableSparkFields]' started.
Test Case '-[StorySparkRemixTests.SparkRemixerTests testRemixCreatesEditableSparkFields]' passed (0.000 seconds).
Test Suite 'SparkRemixerTests' passed at 2026-07-09 22:06:57.813.
	 Executed 7 tests, with 0 failures (0 unexpected) in 0.020 (0.039) seconds
Test Suite 'StorySparkRemixTests.xctest' passed at 2026-07-09 22:06:57.813.
	 Executed 7 tests, with 0 failures (0 unexpected) in 0.020 (0.040) seconds
Test Suite 'All tests' passed at 2026-07-09 22:06:57.813.
	 Executed 7 tests, with 0 failures (0 unexpected) in 0.020 (0.040) seconds
2026-07-09 22:06:58.149 xcodebuild[23393:308600102] [MT] IDETestOperationsObserverDebug: 3.908 elapsed -- Testing started completed.
2026-07-09 22:06:58.149 xcodebuild[23393:308600102] [MT] IDETestOperationsObserverDebug: 0.000 sec, +0.000 sec -- start
2026-07-09 22:06:58.149 xcodebuild[23393:308600102] [MT] IDETestOperationsObserverDebug: 3.908 sec, +3.908 sec -- end

Test session results, code coverage, and logs:
	/Users/wangrenzhu/work/story-spark-remix-ios/build/DerivedData/Logs/Test/Test-StorySparkRemix-2026.07.09_22-06-51-+0800.xcresult

** TEST SUCCEEDED **

Testing started
